// Jest Snapshot v1, https://goo.gl/fbAQLP

exports[`Initialization requests an initial config and parses the response correctly 1`] = `
<div
  className="spinner-container"
>
  <div
    className="spinner-border"
    role="status"
  />
</div>
`;
